BASE_DIR: C:\Users\CompuLife\Desktop\news_bot
TEMPLATES_DIR: C:\Users\CompuLife\Desktop\news_bot\templates
OS: nt
PILLOW_HAS_RAQM: False
Bot is running...
[Templates] skipping '\u0642\u0627\u0644\u0628 \u0627\u0644\u0634\u0647\u064a\u062f': disabled via config.json
[Templates] skipping loose config 'akhbari_blue.template.json': disabled via config.json
[Templates] Loaded: ['akhbari_blue', 'breaking', 'classic', 'martyr', 'mutabaa_ikhbariya', 'iqtihamat', '\u062c\u0632\u064a\u0631\u0629', '\u0634\u0647\u064a\u062f_2', 'photo_text_bottom', 'photo_text_overlay']
[Templates] skipping '\u0642\u0627\u0644\u0628 \u0627\u0644\u0634\u0647\u064a\u062f': disabled via config.json
[Templates] skipping loose config 'akhbari_blue.template.json': disabled via config.json
[Templates] Loaded: ['akhbari_blue', 'breaking', 'classic', 'martyr', 'mutabaa_ikhbariya', 'iqtihamat', '\u062c\u0632\u064a\u0631\u0629', '\u0634\u0647\u064a\u062f_2', 'photo_text_bottom', 'photo_text_overlay']
[Templates] skipping '\u0642\u0627\u0644\u0628 \u0627\u0644\u0634\u0647\u064a\u062f': disabled via config.json
[Templates] skipping loose config 'akhbari_blue.template.json': disabled via config.json
[Templates] Loaded: ['akhbari_blue', 'breaking', 'classic', 'martyr', 'mutabaa_ikhbariya', 'iqtihamat', '\u062c\u0632\u064a\u0631\u0629', '\u0634\u0647\u064a\u062f_2', 'photo_text_bottom', 'photo_text_overlay']
[Templates] skipping '\u0642\u0627\u0644\u0628 \u0627\u0644\u0634\u0647\u064a\u062f': disabled via config.json
[Templates] skipping loose config 'akhbari_blue.template.json': disabled via config.json
[Templates] Loaded: ['akhbari_blue', 'breaking', 'classic', 'martyr', 'mutabaa_ikhbariya', 'iqtihamat', '\u062c\u0632\u064a\u0631\u0629', '\u0634\u0647\u064a\u062f_2', 'photo_text_bottom', 'photo_text_overlay']
[Templates] skipping '\u0642\u0627\u0644\u0628 \u0627\u0644\u0634\u0647\u064a\u062f': disabled via config.json
[Templates] skipping loose config 'akhbari_blue.template.json': disabled via config.json
[Templates] Loaded: ['akhbari_blue', 'breaking', 'classic', 'martyr', 'mutabaa_ikhbariya', 'iqtihamat', '\u062c\u0632\u064a\u0631\u0629', '\u0634\u0647\u064a\u062f_2', 'photo_text_bottom', 'photo_text_overlay']
[Templates] skipping '\u0642\u0627\u0644\u0628 \u0627\u0644\u0634\u0647\u064a\u062f': disabled via config.json
[Templates] skipping loose config 'akhbari_blue.template.json': disabled via config.json
[Templates] Loaded: ['akhbari_blue', 'breaking', 'classic', 'martyr', 'mutabaa_ikhbariya', 'iqtihamat', '\u062c\u0632\u064a\u0631\u0629', '\u0634\u0647\u064a\u062f_2', 'photo_text_bottom', 'photo_text_overlay']
[Templates] skipping '\u0642\u0627\u0644\u0628 \u0627\u0644\u0634\u0647\u064a\u062f': disabled via config.json
[Templates] skipping loose config 'akhbari_blue.template.json': disabled via config.json
[Templates] Loaded: ['akhbari_blue', 'breaking', 'classic', 'martyr', 'mutabaa_ikhbariya', 'iqtihamat', '\u062c\u0632\u064a\u0631\u0629', '\u0634\u0647\u064a\u062f_2', 'photo_text_bottom', 'photo_text_overlay']
[Templates] skipping '\u0642\u0627\u0644\u0628 \u0627\u0644\u0634\u0647\u064a\u062f': disabled via config.json
[Templates] skipping loose config 'akhbari_blue.template.json': disabled via config.json
[Templates] Loaded: ['akhbari_blue', 'breaking', 'classic', 'martyr', 'mutabaa_ikhbariya', 'iqtihamat', '\u0628\u0644\u0627\u0644', '\u062c\u0632\u064a\u0631\u0629', '\u0634\u0647\u064a\u062f_2', 'photo_text_bottom', 'photo_text_overlay']
[Templates] skipping '\u0642\u0627\u0644\u0628 \u0627\u0644\u0634\u0647\u064a\u062f': disabled via config.json
[Templates] skipping loose config 'akhbari_blue.template.json': disabled via config.json
[Templates] Loaded: ['akhbari_blue', 'breaking', 'classic', 'martyr', 'mutabaa_ikhbariya', 'iqtihamat', '\u0628\u0644\u0627\u0644', '\u062c\u0632\u064a\u0631\u0629', '\u0634\u0647\u064a\u062f_2', 'photo_text_bottom', 'photo_text_overlay']
[Templates] skipping '\u0642\u0627\u0644\u0628 \u0627\u0644\u0634\u0647\u064a\u062f': disabled via config.json
[Templates] skipping loose config 'akhbari_blue.template.json': disabled via config.json
[Templates] Loaded: ['akhbari_blue', 'breaking', 'classic', 'martyr', 'mutabaa_ikhbariya', 'iqtihamat', '\u0628\u0644\u0627\u0644', '\u062c\u0632\u064a\u0631\u0629', '\u0634\u0647\u064a\u062f_2', 'photo_text_bottom', 'photo_text_overlay']
[Templates] skipping '\u0642\u0627\u0644\u0628 \u0627\u0644\u0634\u0647\u064a\u062f': disabled via config.json
[Templates] skipping loose config 'akhbari_blue.template.json': disabled via config.json
[Templates] Loaded: ['akhbari_blue', 'breaking', 'classic', 'martyr', 'mutabaa_ikhbariya', 'iqtihamat', '\u0628\u0644\u0627\u0644', '\u062c\u0632\u064a\u0631\u0629', '\u0634\u0647\u064a\u062f_2', 'photo_text_bottom', 'photo_text_overlay']
[Templates] skipping '\u0642\u0627\u0644\u0628 \u0627\u0644\u0634\u0647\u064a\u062f': disabled via config.json
[Templates] skipping loose config 'akhbari_blue.template.json': disabled via config.json
[Templates] Loaded: ['akhbari_blue', 'breaking', 'classic', 'martyr', 'mutabaa_ikhbariya', 'iqtihamat', '\u0628\u0644\u0627\u0644', '\u062c\u0632\u064a\u0631\u0629', '\u0634\u0647\u064a\u062f_2', 'photo_text_bottom', 'photo_text_overlay']
[Templates] skipping '\u0642\u0627\u0644\u0628 \u0627\u0644\u0634\u0647\u064a\u062f': disabled via config.json
[Templates] skipping loose config 'akhbari_blue.template.json': disabled via config.json
[Templates] Loaded: ['akhbari_blue', 'breaking', 'classic', 'martyr', 'mutabaa_ikhbariya', 'iqtihamat', '\u0628\u0644\u0627\u0644', '\u062c\u0632\u064a\u0631\u0629', '\u0634\u0647\u064a\u062f_2', 'photo_text_bottom', 'photo_text_overlay']
[Templates] skipping '\u0642\u0627\u0644\u0628 \u0627\u0644\u0634\u0647\u064a\u062f': disabled via config.json
[Templates] skipping loose config 'akhbari_blue.template.json': disabled via config.json
[Templates] Loaded: ['akhbari_blue', 'breaking', 'classic', 'martyr', 'mutabaa_ikhbariya', 'iqtihamat', '\u0628\u0644\u0627\u0644', '\u062c\u0632\u064a\u0631\u0629', '\u0634\u0647\u064a\u062f_2', 'photo_text_bottom', 'photo_text_overlay']
[Templates] skipping '\u0642\u0627\u0644\u0628 \u0627\u0644\u0634\u0647\u064a\u062f': disabled via config.json
[Templates] skipping loose config 'akhbari_blue.template.json': disabled via config.json
[Templates] Loaded: ['akhbari_blue', 'breaking', 'classic', 'martyr', 'mutabaa_ikhbariya', 'iqtihamat', '\u0628\u0644\u0627\u0644', '\u062c\u0632\u064a\u0631\u0629', '\u0634\u0647\u064a\u062f_2', 'photo_text_bottom', 'photo_text_overlay']
[Templates] skipping '\u0642\u0627\u0644\u0628 \u0627\u0644\u0634\u0647\u064a\u062f': disabled via config.json
[Templates] skipping loose config 'akhbari_blue.template.json': disabled via config.json
[Templates] Loaded: ['akhbari_blue', 'breaking', 'classic', 'martyr', 'mutabaa_ikhbariya', 'iqtihamat', '\u0628\u0644\u0627\u0644', '\u062c\u0632\u064a\u0631\u0629', '\u0634\u0647\u064a\u062f_2', 'photo_text_bottom', 'photo_text_overlay']
[Templates] skipping '\u0642\u0627\u0644\u0628 \u0627\u0644\u0634\u0647\u064a\u062f': disabled via config.json
[Templates] skipping loose config 'akhbari_blue.template.json': disabled via config.json
[Templates] Loaded: ['akhbari_blue', 'breaking', 'classic', 'martyr', 'mutabaa_ikhbariya', 'iqtihamat', '\u0628\u0644\u0627\u0644', '\u062c\u0632\u064a\u0631\u0629', '\u0634\u0647\u064a\u062f_2', 'photo_text_bottom', 'photo_text_overlay']
[Templates] skipping '\u0642\u0627\u0644\u0628 \u0627\u0644\u0634\u0647\u064a\u062f': disabled via config.json
[Templates] skipping loose config 'akhbari_blue.template.json': disabled via config.json
[Templates] Loaded: ['akhbari_blue', 'breaking', 'classic', 'martyr', 'mutabaa_ikhbariya', 'iqtihamat', '\u0628\u0644\u0627\u0644', '\u062c\u0632\u064a\u0631\u0629', '\u0634\u0647\u064a\u062f_2', 'photo_text_bottom', 'photo_text_overlay']
[Templates] skipping '\u0642\u0627\u0644\u0628 \u0627\u0644\u0634\u0647\u064a\u062f': disabled via config.json
[Templates] skipping loose config 'akhbari_blue.template.json': disabled via config.json
